[tlsnetworksolutionsllc.godaddysites.com/index.html]
[backblue.gif]
[fade.gif]
[index.html]
[tlsnetworksolutionsllc.godaddysites.com/manifest.webmanifest]
[tlsnetworksolutionsllc.godaddysites.com/sw.js]
[tlsnetworksolutionsllc.godaddysites.com/services.html]
[tlsnetworksolutionsllc.godaddysites.com/contact-us.html]
[img1.wsimg.com/poly/v3/polyfill.min75c4.js]
[img1.wsimg.com/blobby/go/d644044d-4ab9-43e9-905e-28b1b617dbae/gpub/c10ac2e28d49d6d9/script.js]
[img1.wsimg.com/blobby/go/d644044d-4ab9-43e9-905e-28b1b617dbae/gpub/26a4e4cfa13e5bb6/script.js]
[img1.wsimg.com/ceph-p3-01/website-builder-data-prod/static/widgets/UX.4.26.0.js]
[img6.wsimg.com/wrhs/5c3e20ad749ddb088afc84b1b7ff009e/tccl.min.js]
[tlsnetworksolutionsllc.godaddysites.com/index.html]
[img1.wsimg.com/blobby/go/d644044d-4ab9-43e9-905e-28b1b617dbae/gpub/3f1a83b2159f0da6/script.js]
[tlsnetworksolutionsllc.godaddysites.com/services.html]
[img1.wsimg.com/blobby/go/d644044d-4ab9-43e9-905e-28b1b617dbae/gpub/95d9ab127f3efb2f/script.js]
[tlsnetworksolutionsllc.godaddysites.com/contact-us.html]
[img1.wsimg.com/blobby/go/d644044d-4ab9-43e9-905e-28b1b617dbae/gpub/c619de5d404d9f10/script.js]
[img1.wsimg.com/blobby/go/d644044d-4ab9-43e9-905e-28b1b617dbae/gpub/733d59828b714364/script.js]
